2026-09-13T15:17:15.427805Z  INFO run{id=01M2DNG4F0Z25X44QZTXJGRGPQ}:create{provider_kind=host}: fabro_workflow::event::events: Sandbox driver operation started event=sandbox.create.started
2026-09-13T15:17:15.439781Z  INFO run{id=01M2DNG4F0Z25X44QZTXJGRGPQ}:create{provider_kind=host}: fabro_workflow::event::events: Sandbox driver operation completed event=sandbox.create.completed duration_ms=11
2026-09-13T15:17:15.540326Z  INFO run{id=01M2DNG4F0Z25X44QZTXJGRGPQ}: fabro_workflow::event::events: Sandbox ready provider="local" duration_ms=112
2026-09-13T15:17:15.540386Z  INFO run{id=01M2DNG4F0Z25X44QZTXJGRGPQ}: fabro_workflow::event::events: Sandbox initialized working_directory="<WORKDIR>" provider=local id="host-g18d4ea5c9aca3338-49080-1"
2026-09-13T15:17:15.540415Z  INFO run{id=01M2DNG4F0Z25X44QZTXJGRGPQ}: fabro_workflow::event::events: Git identity resolved name=Fabro email=noreply@fabro.sh source=default
2026-09-13T15:17:15.546619Z  INFO run{id=01M2DNG4F0Z25X44QZTXJGRGPQ}: fabro_workflow::event::events: Workflow run started workflow="ParallelResults" run_id=01M2DNG4F0Z25X44QZTXJGRGPQ
2026-09-13T15:17:15.546654Z  INFO run{id=01M2DNG4F0Z25X44QZTXJGRGPQ}: fabro_workflow::event::events: Run running
2026-09-13T15:17:15.546701Z  INFO run{id=01M2DNG4F0Z25X44QZTXJGRGPQ}: fabro_workflow::lifecycle::fidelity: Fidelity resolved node=start fidelity=compact source="default"
2026-09-13T15:17:15.546761Z  INFO run{id=01M2DNG4F0Z25X44QZTXJGRGPQ}: fabro_workflow::event::events: Stage started node_id="start" stage="start" index=0 handler_type="start" attempt=1 max_attempts=1
2026-09-13T15:17:15.546840Z  INFO run{id=01M2DNG4F0Z25X44QZTXJGRGPQ}: fabro_workflow::event::events: Stage completed node_id="start" stage="start" index=0 wall_time_ms=0 active_time_ms=0 inference_time_ms=0 tool_time_ms=0 status="succeeded" attempt=1 max_attempts=1
2026-09-13T15:17:15.546883Z  INFO run{id=01M2DNG4F0Z25X44QZTXJGRGPQ}: fabro_workflow::event::events: Edge selected from_node="start" to_node="setup" label="" reason="unconditional"
2026-09-13T15:17:15.546922Z  INFO run{id=01M2DNG4F0Z25X44QZTXJGRGPQ}: fabro_workflow::event::events: Checkpoint completed node_id="start" status="succeeded" completed_count=1
2026-09-13T15:17:15.546949Z  INFO run{id=01M2DNG4F0Z25X44QZTXJGRGPQ}: fabro_workflow::lifecycle::fidelity: Fidelity resolved node=setup fidelity=compact source="default"
2026-09-13T15:17:15.546975Z  INFO run{id=01M2DNG4F0Z25X44QZTXJGRGPQ}: fabro_workflow::event::events: Stage started node_id="setup" stage="setup" index=1 handler_type="command" attempt=1 max_attempts=1
2026-09-13T15:17:15.618003Z  INFO run{id=01M2DNG4F0Z25X44QZTXJGRGPQ}: fabro_workflow::event::events: Stage completed node_id="setup" stage="setup" index=1 wall_time_ms=70 active_time_ms=68 inference_time_ms=0 tool_time_ms=68 status="succeeded" attempt=1 max_attempts=1
2026-09-13T15:17:15.618522Z  INFO run{id=01M2DNG4F0Z25X44QZTXJGRGPQ}: fabro_workflow::event::events: Edge selected from_node="setup" to_node="prepare" label="" reason="unconditional"
2026-09-13T15:17:15.618562Z  INFO run{id=01M2DNG4F0Z25X44QZTXJGRGPQ}: fabro_workflow::event::events: Checkpoint completed node_id="setup" status="succeeded" completed_count=2
2026-09-13T15:17:15.618597Z  INFO run{id=01M2DNG4F0Z25X44QZTXJGRGPQ}: fabro_workflow::lifecycle::fidelity: Fidelity resolved node=prepare fidelity=compact source="default"
2026-09-13T15:17:15.619239Z  INFO run{id=01M2DNG4F0Z25X44QZTXJGRGPQ}: fabro_workflow::event::events: Stage started node_id="prepare" stage="prepare" index=2 handler_type="command" attempt=1 max_attempts=1
2026-09-13T15:17:15.732008Z  INFO run{id=01M2DNG4F0Z25X44QZTXJGRGPQ}: fabro_workflow::event::events: Stage completed node_id="prepare" stage="prepare" index=2 wall_time_ms=112 active_time_ms=107 inference_time_ms=0 tool_time_ms=107 status="succeeded" attempt=1 max_attempts=1
2026-09-13T15:17:15.732391Z  INFO run{id=01M2DNG4F0Z25X44QZTXJGRGPQ}: fabro_workflow::event::events: Edge selected from_node="prepare" to_node="scope" label="" reason="unconditional"
2026-09-13T15:17:15.732449Z  INFO run{id=01M2DNG4F0Z25X44QZTXJGRGPQ}: fabro_workflow::event::events: Checkpoint completed node_id="prepare" status="succeeded" completed_count=3
2026-09-13T15:17:15.732485Z  INFO run{id=01M2DNG4F0Z25X44QZTXJGRGPQ}: fabro_workflow::lifecycle::fidelity: Fidelity resolved node=scope fidelity=compact source="default"
2026-09-13T15:17:15.733332Z  INFO run{id=01M2DNG4F0Z25X44QZTXJGRGPQ}: fabro_workflow::event::events: Stage started node_id="scope" stage="scope" index=3 handler_type="command" attempt=1 max_attempts=1
2026-09-13T15:17:15.769608Z  INFO run{id=01M2DNG4F0Z25X44QZTXJGRGPQ}: fabro_workflow::event::events: Stage completed node_id="scope" stage="scope" index=3 wall_time_ms=36 active_time_ms=34 inference_time_ms=0 tool_time_ms=34 status="succeeded" attempt=1 max_attempts=1
2026-09-13T15:17:15.770011Z  INFO run{id=01M2DNG4F0Z25X44QZTXJGRGPQ}: fabro_workflow::event::events: Edge selected from_node="scope" to_node="merge_scope" label="" reason="unconditional"
2026-09-13T15:17:15.770072Z  INFO run{id=01M2DNG4F0Z25X44QZTXJGRGPQ}: fabro_workflow::event::events: Checkpoint completed node_id="scope" status="succeeded" completed_count=4
2026-09-13T15:17:15.770124Z  INFO run{id=01M2DNG4F0Z25X44QZTXJGRGPQ}: fabro_workflow::lifecycle::fidelity: Fidelity resolved node=merge_scope fidelity=compact source="default"
2026-09-13T15:17:15.771165Z  INFO run{id=01M2DNG4F0Z25X44QZTXJGRGPQ}: fabro_workflow::event::events: Stage started node_id="merge_scope" stage="merge_scope" index=4 handler_type="command" attempt=1 max_attempts=1
2026-09-13T15:17:15.843896Z  INFO run{id=01M2DNG4F0Z25X44QZTXJGRGPQ}: fabro_workflow::event::events: Stage completed node_id="merge_scope" stage="merge_scope" index=4 wall_time_ms=72 active_time_ms=71 inference_time_ms=0 tool_time_ms=71 status="succeeded" attempt=1 max_attempts=1
2026-09-13T15:17:15.844269Z  INFO run{id=01M2DNG4F0Z25X44QZTXJGRGPQ}: fabro_workflow::event::events: Edge selected from_node="merge_scope" to_node="find" label="" reason="unconditional"
2026-09-13T15:17:15.844329Z  INFO run{id=01M2DNG4F0Z25X44QZTXJGRGPQ}: fabro_workflow::event::events: Checkpoint completed node_id="merge_scope" status="succeeded" completed_count=5
2026-09-13T15:17:15.844380Z  INFO run{id=01M2DNG4F0Z25X44QZTXJGRGPQ}: fabro_workflow::lifecycle::fidelity: Fidelity resolved node=find fidelity=compact source="default"
2026-09-13T15:17:15.845629Z  INFO run{id=01M2DNG4F0Z25X44QZTXJGRGPQ}: fabro_workflow::event::events: Stage started node_id="find" stage="Finders" index=5 handler_type="parallel" attempt=1 max_attempts=1
2026-09-13T15:17:15.881498Z  INFO run{id=01M2DNG4F0Z25X44QZTXJGRGPQ}: fabro_workflow::event::events: Stage completed node_id="find" stage="Finders" index=5 wall_time_ms=35 active_time_ms=0 inference_time_ms=0 tool_time_ms=0 status="succeeded" attempt=1 max_attempts=1
2026-09-13T15:17:15.881541Z  INFO run{id=01M2DNG4F0Z25X44QZTXJGRGPQ}: fabro_workflow::event::events: Edge selected from_node="find" to_node="find_join" label="" reason="jump"
2026-09-13T15:17:15.881589Z  INFO run{id=01M2DNG4F0Z25X44QZTXJGRGPQ}: fabro_workflow::event::events: Checkpoint completed node_id="find" status="succeeded" completed_count=6
2026-09-13T15:17:15.881638Z  INFO run{id=01M2DNG4F0Z25X44QZTXJGRGPQ}: fabro_workflow::lifecycle::fidelity: Fidelity resolved node=find_join fidelity=compact source="default"
2026-09-13T15:17:15.884112Z  INFO run{id=01M2DNG4F0Z25X44QZTXJGRGPQ}: fabro_workflow::event::events: Stage started node_id="find_join" stage="Gather finder candidates" index=6 handler_type="parallel.fan_in" attempt=1 max_attempts=1
2026-09-13T15:17:15.884954Z  INFO run{id=01M2DNG4F0Z25X44QZTXJGRGPQ}: fabro_workflow::event::events: Stage completed node_id="find_join" stage="Gather finder candidates" index=6 wall_time_ms=0 active_time_ms=0 inference_time_ms=0 tool_time_ms=0 status="succeeded" attempt=1 max_attempts=1
2026-09-13T15:17:15.885262Z  INFO run{id=01M2DNG4F0Z25X44QZTXJGRGPQ}: fabro_workflow::event::events: Edge selected from_node="find_join" to_node="merge_find" label="" reason="unconditional"
2026-09-13T15:17:15.885331Z  INFO run{id=01M2DNG4F0Z25X44QZTXJGRGPQ}: fabro_workflow::event::events: Checkpoint completed node_id="find_join" status="succeeded" completed_count=7
2026-09-13T15:17:15.885391Z  INFO run{id=01M2DNG4F0Z25X44QZTXJGRGPQ}: fabro_workflow::lifecycle::fidelity: Fidelity resolved node=merge_find fidelity=compact source="default"
2026-09-13T15:17:15.887434Z  INFO run{id=01M2DNG4F0Z25X44QZTXJGRGPQ}: fabro_workflow::event::events: Stage started node_id="merge_find" stage="merge_find" index=7 handler_type="command" attempt=1 max_attempts=1
2026-09-13T15:17:15.957373Z  INFO run{id=01M2DNG4F0Z25X44QZTXJGRGPQ}: fabro_workflow::event::events: Stage completed node_id="merge_find" stage="merge_find" index=7 wall_time_ms=69 active_time_ms=68 inference_time_ms=0 tool_time_ms=68 status="succeeded" attempt=1 max_attempts=1
2026-09-13T15:17:15.957710Z  INFO run{id=01M2DNG4F0Z25X44QZTXJGRGPQ}: fabro_workflow::event::events: Edge selected from_node="merge_find" to_node="verify_gate" label="" reason="unconditional"
2026-09-13T15:17:15.957786Z  INFO run{id=01M2DNG4F0Z25X44QZTXJGRGPQ}: fabro_workflow::event::events: Checkpoint completed node_id="merge_find" status="succeeded" completed_count=8
2026-09-13T15:17:15.957852Z  INFO run{id=01M2DNG4F0Z25X44QZTXJGRGPQ}: fabro_workflow::lifecycle::fidelity: Fidelity resolved node=verify_gate fidelity=compact source="default"
2026-09-13T15:17:15.960636Z  INFO run{id=01M2DNG4F0Z25X44QZTXJGRGPQ}: fabro_workflow::event::events: Stage started node_id="verify_gate" stage="Any candidates to verify?" index=8 handler_type="conditional" attempt=1 max_attempts=1
2026-09-13T15:17:15.961499Z  INFO run{id=01M2DNG4F0Z25X44QZTXJGRGPQ}: fabro_workflow::event::events: Stage completed node_id="verify_gate" stage="Any candidates to verify?" index=8 wall_time_ms=0 active_time_ms=0 inference_time_ms=0 tool_time_ms=0 status="succeeded" attempt=1 max_attempts=1
2026-09-13T15:17:15.961795Z  INFO run{id=01M2DNG4F0Z25X44QZTXJGRGPQ}: fabro_workflow::event::events: Edge selected from_node="verify_gate" to_node="verify" label="" reason="condition"
2026-09-13T15:17:15.961856Z  INFO run{id=01M2DNG4F0Z25X44QZTXJGRGPQ}: fabro_workflow::event::events: Checkpoint completed node_id="verify_gate" status="succeeded" completed_count=9
2026-09-13T15:17:15.961922Z  INFO run{id=01M2DNG4F0Z25X44QZTXJGRGPQ}: fabro_workflow::lifecycle::fidelity: Fidelity resolved node=verify fidelity=compact source="default"
2026-09-13T15:17:15.964211Z  INFO run{id=01M2DNG4F0Z25X44QZTXJGRGPQ}: fabro_workflow::event::events: Stage started node_id="verify" stage="Verify locations" index=9 handler_type="parallel" attempt=1 max_attempts=1
2026-09-13T15:17:16.002636Z  INFO run{id=01M2DNG4F0Z25X44QZTXJGRGPQ}: fabro_workflow::event::events: Stage completed node_id="verify" stage="Verify locations" index=9 wall_time_ms=38 active_time_ms=0 inference_time_ms=0 tool_time_ms=0 status="succeeded" attempt=1 max_attempts=1
2026-09-13T15:17:16.002690Z  INFO run{id=01M2DNG4F0Z25X44QZTXJGRGPQ}: fabro_workflow::event::events: Edge selected from_node="verify" to_node="verify_join" label="" reason="jump"
2026-09-13T15:17:16.002751Z  INFO run{id=01M2DNG4F0Z25X44QZTXJGRGPQ}: fabro_workflow::event::events: Checkpoint completed node_id="verify" status="succeeded" completed_count=10
2026-09-13T15:17:16.002821Z  INFO run{id=01M2DNG4F0Z25X44QZTXJGRGPQ}: fabro_workflow::lifecycle::fidelity: Fidelity resolved node=verify_join fidelity=compact source="default"
2026-09-13T15:17:16.005638Z  INFO run{id=01M2DNG4F0Z25X44QZTXJGRGPQ}: fabro_workflow::event::events: Stage started node_id="verify_join" stage="Gather verdicts" index=10 handler_type="parallel.fan_in" attempt=1 max_attempts=1
2026-09-13T15:17:16.006334Z  INFO run{id=01M2DNG4F0Z25X44QZTXJGRGPQ}: fabro_workflow::event::events: Stage completed node_id="verify_join" stage="Gather verdicts" index=10 wall_time_ms=0 active_time_ms=0 inference_time_ms=0 tool_time_ms=0 status="succeeded" attempt=1 max_attempts=1
2026-09-13T15:17:16.006594Z  INFO run{id=01M2DNG4F0Z25X44QZTXJGRGPQ}: fabro_workflow::event::events: Edge selected from_node="verify_join" to_node="merge_verify" label="" reason="unconditional"
2026-09-13T15:17:16.006656Z  INFO run{id=01M2DNG4F0Z25X44QZTXJGRGPQ}: fabro_workflow::event::events: Checkpoint completed node_id="verify_join" status="succeeded" completed_count=11
2026-09-13T15:17:16.006722Z  INFO run{id=01M2DNG4F0Z25X44QZTXJGRGPQ}: fabro_workflow::lifecycle::fidelity: Fidelity resolved node=merge_verify fidelity=compact source="default"
2026-09-13T15:17:16.009240Z  INFO run{id=01M2DNG4F0Z25X44QZTXJGRGPQ}: fabro_workflow::event::events: Stage started node_id="merge_verify" stage="merge_verify" index=11 handler_type="command" attempt=1 max_attempts=1
2026-09-13T15:17:16.081441Z  INFO run{id=01M2DNG4F0Z25X44QZTXJGRGPQ}: fabro_workflow::event::events: Stage completed node_id="merge_verify" stage="merge_verify" index=11 wall_time_ms=72 active_time_ms=70 inference_time_ms=0 tool_time_ms=70 status="succeeded" attempt=1 max_attempts=1
2026-09-13T15:17:16.081805Z  INFO run{id=01M2DNG4F0Z25X44QZTXJGRGPQ}: fabro_workflow::event::events: Edge selected from_node="merge_verify" to_node="tally" label="" reason="unconditional"
2026-09-13T15:17:16.081887Z  INFO run{id=01M2DNG4F0Z25X44QZTXJGRGPQ}: fabro_workflow::event::events: Checkpoint completed node_id="merge_verify" status="succeeded" completed_count=12
2026-09-13T15:17:16.081972Z  INFO run{id=01M2DNG4F0Z25X44QZTXJGRGPQ}: fabro_workflow::lifecycle::fidelity: Fidelity resolved node=tally fidelity=compact source="default"
2026-09-13T15:17:16.085632Z  INFO run{id=01M2DNG4F0Z25X44QZTXJGRGPQ}: fabro_workflow::event::events: Stage started node_id="tally" stage="tally" index=12 handler_type="command" attempt=1 max_attempts=1
2026-09-13T15:17:16.156490Z  INFO run{id=01M2DNG4F0Z25X44QZTXJGRGPQ}: fabro_workflow::event::events: Stage completed node_id="tally" stage="tally" index=12 wall_time_ms=70 active_time_ms=69 inference_time_ms=0 tool_time_ms=69 status="succeeded" attempt=1 max_attempts=1
2026-09-13T15:17:16.156830Z  INFO run{id=01M2DNG4F0Z25X44QZTXJGRGPQ}: fabro_workflow::event::events: Edge selected from_node="tally" to_node="finalize" label="" reason="unconditional"
2026-09-13T15:17:16.156910Z  INFO run{id=01M2DNG4F0Z25X44QZTXJGRGPQ}: fabro_workflow::event::events: Checkpoint completed node_id="tally" status="succeeded" completed_count=13
2026-09-13T15:17:16.156995Z  INFO run{id=01M2DNG4F0Z25X44QZTXJGRGPQ}: fabro_workflow::lifecycle::fidelity: Fidelity resolved node=finalize fidelity=compact source="default"
2026-09-13T15:17:16.160487Z  INFO run{id=01M2DNG4F0Z25X44QZTXJGRGPQ}: fabro_workflow::event::events: Stage started node_id="finalize" stage="finalize" index=13 handler_type="command" attempt=1 max_attempts=1
2026-09-13T15:17:16.233746Z  INFO run{id=01M2DNG4F0Z25X44QZTXJGRGPQ}: fabro_workflow::event::events: Stage completed node_id="finalize" stage="finalize" index=13 wall_time_ms=73 active_time_ms=71 inference_time_ms=0 tool_time_ms=71 status="succeeded" attempt=1 max_attempts=1
2026-09-13T15:17:16.234088Z  INFO run{id=01M2DNG4F0Z25X44QZTXJGRGPQ}: fabro_workflow::event::events: Edge selected from_node="finalize" to_node="report" label="" reason="unconditional"
2026-09-13T15:17:16.234175Z  INFO run{id=01M2DNG4F0Z25X44QZTXJGRGPQ}: fabro_workflow::event::events: Checkpoint completed node_id="finalize" status="succeeded" completed_count=14
2026-09-13T15:17:16.234266Z  INFO run{id=01M2DNG4F0Z25X44QZTXJGRGPQ}: fabro_workflow::lifecycle::fidelity: Fidelity resolved node=report fidelity=compact source="default"
2026-09-13T15:17:16.238258Z  INFO run{id=01M2DNG4F0Z25X44QZTXJGRGPQ}: fabro_workflow::event::events: Stage started node_id="report" stage="report" index=14 handler_type="command" attempt=1 max_attempts=1
2026-09-13T15:17:16.274104Z  INFO run{id=01M2DNG4F0Z25X44QZTXJGRGPQ}: fabro_workflow::event::events: Stage completed node_id="report" stage="report" index=14 wall_time_ms=35 active_time_ms=34 inference_time_ms=0 tool_time_ms=34 status="succeeded" attempt=1 max_attempts=1
2026-09-13T15:17:16.274429Z  INFO run{id=01M2DNG4F0Z25X44QZTXJGRGPQ}: fabro_workflow::event::events: Edge selected from_node="report" to_node="exit" label="" reason="unconditional"
2026-09-13T15:17:16.274517Z  INFO run{id=01M2DNG4F0Z25X44QZTXJGRGPQ}: fabro_workflow::event::events: Checkpoint completed node_id="report" status="succeeded" completed_count=15
2026-09-13T15:17:16.274602Z  INFO run{id=01M2DNG4F0Z25X44QZTXJGRGPQ}: fabro_workflow::event::events: Stage started node_id="exit" stage="exit" index=15 handler_type="exit" attempt=1 max_attempts=1
2026-09-13T15:17:16.274617Z  INFO run{id=01M2DNG4F0Z25X44QZTXJGRGPQ}: fabro_workflow::event::events: Stage completed node_id="exit" stage="exit" index=15 wall_time_ms=0 active_time_ms=0 inference_time_ms=0 tool_time_ms=0 status="succeeded" attempt=1 max_attempts=1
2026-09-13T15:17:16.297342Z  INFO run{id=01M2DNG4F0Z25X44QZTXJGRGPQ}: fabro_workflow::event::events: Workflow run completed wall_time_ms=728 active_time_ms=592 inference_time_ms=0 tool_time_ms=592 artifact_count=0 status="succeeded"
2026-09-13T15:17:16.297380Z  INFO run{id=01M2DNG4F0Z25X44QZTXJGRGPQ}:stop{provider_kind="host" sandbox_id=host-g18d4ea5c9aca3338-49080-1}: fabro_workflow::event::events: Sandbox driver operation started event=sandbox.stop.started
2026-09-13T15:17:16.339357Z  INFO run{id=01M2DNG4F0Z25X44QZTXJGRGPQ}:stop{provider_kind="host" sandbox_id=host-g18d4ea5c9aca3338-49080-1}: fabro_workflow::event::events: Sandbox driver operation completed event=sandbox.stop.completed duration_ms=41
